--- TEST START ---
1. Attempting login as Admin...
--- TEST END ---
