[EmailService] SMTP_EMAIL check: MISSING
[EmailService] SMTP_PASS check: MISSING
node.exe : [EmailService] 
CRITICAL: SMTP not 
configured. Missing 
credentials.
At C:\Program 
Files\nodejs\npx.ps1:29 
char:3
+   & $NODE_EXE $NPX_CLI_JS 
$args
+   
~~~~~~~~~~~~~~~~~~~~~~~~~~~~~
    + CategoryInfo           
   : NotSpecified: ([EmailS  
  ervice] ...ng credential   
 s.:String) [], RemoteExc    
eption
    + FullyQualifiedErrorId  
   : NativeCommandError
 
[dotenv@17.2.3] injecting env (17) from .env -- tip: ≡ƒôí add observability to secrets: https://dotenvx.com/ops
Env Load Result: SUCCESS
Env Path: E:\CustConnect\backend\.env
SMTP_EMAIL from env: spotifyuser725@gmail.com
--- Testing OTP Send (App Logic Simulation) ---
Attempting to send OTP to: spotifyuser725@gmail.com
[EmailService] No valid 
email transport available
Γ£à OTP Send method executed without throwing.
Please check the backend logs above for SMTP/Resend output.
